// Jest Snapshot v1, https://goo.gl/fbAQLP

exports[`<Button /> should render correctly 1`] = `
<a
  aria-label="Deepin Türkiye"
  className="button is-success is-rounded is-size"
  href="https://linux.org"
  title="Deepin Türkiye"
>
  linux.org
</a>
`;
