// Jest Snapshot v1, https://goo.gl/fbAQLP

exports[`<Columns /> should render correctly 1`] = `
<div
  className="columns"
>
  This is Columns!
</div>
`;
