// Jest Snapshot v1, https://goo.gl/fbAQLP

exports[`<Tag /> should render correctly 1`] = `
<span
  className="tag is-info is-normal"
>
  This is a Tag!
</span>
`;
